// Jest Snapshot v1, https://goo.gl/fbAQLP

exports[`CatalogPage should render the CatalogPage component 1`] = `undefined`;
